Linked: (/root/ws_moveit/devel/.private/ur_msgs/include/ur_msgs/SetSpeedSliderFraction.h, /root/ws_moveit/devel/include/ur_msgs/SetSpeedSliderFraction.h)
Linked: (/root/ws_moveit/devel/.private/ur_msgs/include/ur_msgs/SetSpeedSliderFractionResponse.h, /root/ws_moveit/devel/include/ur_msgs/SetSpeedSliderFractionResponse.h)
Linked: (/root/ws_moveit/devel/.private/ur_msgs/include/ur_msgs/SetPayload.h, /root/ws_moveit/devel/include/ur_msgs/SetPayload.h)
Linked: (/root/ws_moveit/devel/.private/ur_msgs/include/ur_msgs/Analog.h, /root/ws_moveit/devel/include/ur_msgs/Analog.h)
Linked: (/root/ws_moveit/devel/.private/ur_msgs/include/ur_msgs/SetIORequest.h, /root/ws_moveit/devel/include/ur_msgs/SetIORequest.h)
Linked: (/root/ws_moveit/devel/.private/ur_msgs/include/ur_msgs/SetSpeedSliderFractionRequest.h, /root/ws_moveit/devel/include/ur_msgs/SetSpeedSliderFractionRequest.h)
Linked: (/root/ws_moveit/devel/.private/ur_msgs/include/ur_msgs/RobotStateRTMsg.h, /root/ws_moveit/devel/include/ur_msgs/RobotStateRTMsg.h)
Linked: (/root/ws_moveit/devel/.private/ur_msgs/include/ur_msgs/SetIOResponse.h, /root/ws_moveit/devel/include/ur_msgs/SetIOResponse.h)
Linked: (/root/ws_moveit/devel/.private/ur_msgs/include/ur_msgs/SetIO.h, /root/ws_moveit/devel/include/ur_msgs/SetIO.h)
Linked: (/root/ws_moveit/devel/.private/ur_msgs/include/ur_msgs/SetPayloadRequest.h, /root/ws_moveit/devel/include/ur_msgs/SetPayloadRequest.h)
Linked: (/root/ws_moveit/devel/.private/ur_msgs/include/ur_msgs/Digital.h, /root/ws_moveit/devel/include/ur_msgs/Digital.h)
Linked: (/root/ws_moveit/devel/.private/ur_msgs/include/ur_msgs/SetPayloadResponse.h, /root/ws_moveit/devel/include/ur_msgs/SetPayloadResponse.h)
Linked: (/root/ws_moveit/devel/.private/ur_msgs/include/ur_msgs/ToolDataMsg.h, /root/ws_moveit/devel/include/ur_msgs/ToolDataMsg.h)
Linked: (/root/ws_moveit/devel/.private/ur_msgs/include/ur_msgs/MasterboardDataMsg.h, /root/ws_moveit/devel/include/ur_msgs/MasterboardDataMsg.h)
Linked: (/root/ws_moveit/devel/.private/ur_msgs/include/ur_msgs/RobotModeDataMsg.h, /root/ws_moveit/devel/include/ur_msgs/RobotModeDataMsg.h)
Linked: (/root/ws_moveit/devel/.private/ur_msgs/include/ur_msgs/IOStates.h, /root/ws_moveit/devel/include/ur_msgs/IOStates.h)
Linked: (/root/ws_moveit/devel/.private/ur_msgs/share/roseus/ros/ur_msgs/manifest.l, /root/ws_moveit/devel/share/roseus/ros/ur_msgs/manifest.l)
Linked: (/root/ws_moveit/devel/.private/ur_msgs/share/roseus/ros/ur_msgs/srv/SetPayload.l, /root/ws_moveit/devel/share/roseus/ros/ur_msgs/srv/SetPayload.l)
Linked: (/root/ws_moveit/devel/.private/ur_msgs/share/roseus/ros/ur_msgs/srv/SetSpeedSliderFraction.l, /root/ws_moveit/devel/share/roseus/ros/ur_msgs/srv/SetSpeedSliderFraction.l)
Linked: (/root/ws_moveit/devel/.private/ur_msgs/share/roseus/ros/ur_msgs/srv/SetIO.l, /root/ws_moveit/devel/share/roseus/ros/ur_msgs/srv/SetIO.l)
Linked: (/root/ws_moveit/devel/.private/ur_msgs/share/roseus/ros/ur_msgs/msg/ToolDataMsg.l, /root/ws_moveit/devel/share/roseus/ros/ur_msgs/msg/ToolDataMsg.l)
Linked: (/root/ws_moveit/devel/.private/ur_msgs/share/roseus/ros/ur_msgs/msg/IOStates.l, /root/ws_moveit/devel/share/roseus/ros/ur_msgs/msg/IOStates.l)
Linked: (/root/ws_moveit/devel/.private/ur_msgs/share/roseus/ros/ur_msgs/msg/MasterboardDataMsg.l, /root/ws_moveit/devel/share/roseus/ros/ur_msgs/msg/MasterboardDataMsg.l)
Linked: (/root/ws_moveit/devel/.private/ur_msgs/share/roseus/ros/ur_msgs/msg/RobotStateRTMsg.l, /root/ws_moveit/devel/share/roseus/ros/ur_msgs/msg/RobotStateRTMsg.l)
Linked: (/root/ws_moveit/devel/.private/ur_msgs/share/roseus/ros/ur_msgs/msg/Digital.l, /root/ws_moveit/devel/share/roseus/ros/ur_msgs/msg/Digital.l)
Linked: (/root/ws_moveit/devel/.private/ur_msgs/share/roseus/ros/ur_msgs/msg/RobotModeDataMsg.l, /root/ws_moveit/devel/share/roseus/ros/ur_msgs/msg/RobotModeDataMsg.l)
Linked: (/root/ws_moveit/devel/.private/ur_msgs/share/roseus/ros/ur_msgs/msg/Analog.l, /root/ws_moveit/devel/share/roseus/ros/ur_msgs/msg/Analog.l)
Linked: (/root/ws_moveit/devel/.private/ur_msgs/share/ur_msgs/cmake/ur_msgsConfig-version.cmake, /root/ws_moveit/devel/share/ur_msgs/cmake/ur_msgsConfig-version.cmake)
Linked: (/root/ws_moveit/devel/.private/ur_msgs/share/ur_msgs/cmake/ur_msgs-msg-paths.cmake, /root/ws_moveit/devel/share/ur_msgs/cmake/ur_msgs-msg-paths.cmake)
Linked: (/root/ws_moveit/devel/.private/ur_msgs/share/ur_msgs/cmake/ur_msgsConfig.cmake, /root/ws_moveit/devel/share/ur_msgs/cmake/ur_msgsConfig.cmake)
Linked: (/root/ws_moveit/devel/.private/ur_msgs/share/ur_msgs/cmake/ur_msgs-msg-extras.cmake, /root/ws_moveit/devel/share/ur_msgs/cmake/ur_msgs-msg-extras.cmake)
Linked: (/root/ws_moveit/devel/.private/ur_msgs/share/common-lisp/ros/ur_msgs/srv/_package_SetSpeedSliderFraction.lisp, /root/ws_moveit/devel/share/common-lisp/ros/ur_msgs/srv/_package_SetSpeedSliderFraction.lisp)
Linked: (/root/ws_moveit/devel/.private/ur_msgs/share/common-lisp/ros/ur_msgs/srv/_package_SetIO.lisp, /root/ws_moveit/devel/share/common-lisp/ros/ur_msgs/srv/_package_SetIO.lisp)
Linked: (/root/ws_moveit/devel/.private/ur_msgs/share/common-lisp/ros/ur_msgs/srv/SetSpeedSliderFraction.lisp, /root/ws_moveit/devel/share/common-lisp/ros/ur_msgs/srv/SetSpeedSliderFraction.lisp)
Linked: (/root/ws_moveit/devel/.private/ur_msgs/share/common-lisp/ros/ur_msgs/srv/ur_msgs-srv.asd, /root/ws_moveit/devel/share/common-lisp/ros/ur_msgs/srv/ur_msgs-srv.asd)
Linked: (/root/ws_moveit/devel/.private/ur_msgs/share/common-lisp/ros/ur_msgs/srv/_package.lisp, /root/ws_moveit/devel/share/common-lisp/ros/ur_msgs/srv/_package.lisp)
Linked: (/root/ws_moveit/devel/.private/ur_msgs/share/common-lisp/ros/ur_msgs/srv/SetIO.lisp, /root/ws_moveit/devel/share/common-lisp/ros/ur_msgs/srv/SetIO.lisp)
Linked: (/root/ws_moveit/devel/.private/ur_msgs/share/common-lisp/ros/ur_msgs/srv/SetPayload.lisp, /root/ws_moveit/devel/share/common-lisp/ros/ur_msgs/srv/SetPayload.lisp)
Linked: (/root/ws_moveit/devel/.private/ur_msgs/share/common-lisp/ros/ur_msgs/srv/_package_SetPayload.lisp, /root/ws_moveit/devel/share/common-lisp/ros/ur_msgs/srv/_package_SetPayload.lisp)
Linked: (/root/ws_moveit/devel/.private/ur_msgs/share/common-lisp/ros/ur_msgs/msg/RobotModeDataMsg.lisp, /root/ws_moveit/devel/share/common-lisp/ros/ur_msgs/msg/RobotModeDataMsg.lisp)
Linked: (/root/ws_moveit/devel/.private/ur_msgs/share/common-lisp/ros/ur_msgs/msg/_package_RobotStateRTMsg.lisp, /root/ws_moveit/devel/share/common-lisp/ros/ur_msgs/msg/_package_RobotStateRTMsg.lisp)
Linked: (/root/ws_moveit/devel/.private/ur_msgs/share/common-lisp/ros/ur_msgs/msg/MasterboardDataMsg.lisp, /root/ws_moveit/devel/share/common-lisp/ros/ur_msgs/msg/MasterboardDataMsg.lisp)
Linked: (/root/ws_moveit/devel/.private/ur_msgs/share/common-lisp/ros/ur_msgs/msg/RobotStateRTMsg.lisp, /root/ws_moveit/devel/share/common-lisp/ros/ur_msgs/msg/RobotStateRTMsg.lisp)
Linked: (/root/ws_moveit/devel/.private/ur_msgs/share/common-lisp/ros/ur_msgs/msg/_package_ToolDataMsg.lisp, /root/ws_moveit/devel/share/common-lisp/ros/ur_msgs/msg/_package_ToolDataMsg.lisp)
Linked: (/root/ws_moveit/devel/.private/ur_msgs/share/common-lisp/ros/ur_msgs/msg/_package_IOStates.lisp, /root/ws_moveit/devel/share/common-lisp/ros/ur_msgs/msg/_package_IOStates.lisp)
Linked: (/root/ws_moveit/devel/.private/ur_msgs/share/common-lisp/ros/ur_msgs/msg/_package_RobotModeDataMsg.lisp, /root/ws_moveit/devel/share/common-lisp/ros/ur_msgs/msg/_package_RobotModeDataMsg.lisp)
Linked: (/root/ws_moveit/devel/.private/ur_msgs/share/common-lisp/ros/ur_msgs/msg/_package.lisp, /root/ws_moveit/devel/share/common-lisp/ros/ur_msgs/msg/_package.lisp)
Linked: (/root/ws_moveit/devel/.private/ur_msgs/share/common-lisp/ros/ur_msgs/msg/Digital.lisp, /root/ws_moveit/devel/share/common-lisp/ros/ur_msgs/msg/Digital.lisp)
Linked: (/root/ws_moveit/devel/.private/ur_msgs/share/common-lisp/ros/ur_msgs/msg/ur_msgs-msg.asd, /root/ws_moveit/devel/share/common-lisp/ros/ur_msgs/msg/ur_msgs-msg.asd)
Linked: (/root/ws_moveit/devel/.private/ur_msgs/share/common-lisp/ros/ur_msgs/msg/_package_Analog.lisp, /root/ws_moveit/devel/share/common-lisp/ros/ur_msgs/msg/_package_Analog.lisp)
Linked: (/root/ws_moveit/devel/.private/ur_msgs/share/common-lisp/ros/ur_msgs/msg/ToolDataMsg.lisp, /root/ws_moveit/devel/share/common-lisp/ros/ur_msgs/msg/ToolDataMsg.lisp)
Linked: (/root/ws_moveit/devel/.private/ur_msgs/share/common-lisp/ros/ur_msgs/msg/IOStates.lisp, /root/ws_moveit/devel/share/common-lisp/ros/ur_msgs/msg/IOStates.lisp)
Linked: (/root/ws_moveit/devel/.private/ur_msgs/share/common-lisp/ros/ur_msgs/msg/Analog.lisp, /root/ws_moveit/devel/share/common-lisp/ros/ur_msgs/msg/Analog.lisp)
Linked: (/root/ws_moveit/devel/.private/ur_msgs/share/common-lisp/ros/ur_msgs/msg/_package_Digital.lisp, /root/ws_moveit/devel/share/common-lisp/ros/ur_msgs/msg/_package_Digital.lisp)
Linked: (/root/ws_moveit/devel/.private/ur_msgs/share/common-lisp/ros/ur_msgs/msg/_package_MasterboardDataMsg.lisp, /root/ws_moveit/devel/share/common-lisp/ros/ur_msgs/msg/_package_MasterboardDataMsg.lisp)
Linked: (/root/ws_moveit/devel/.private/ur_msgs/share/gennodejs/ros/ur_msgs/_index.js, /root/ws_moveit/devel/share/gennodejs/ros/ur_msgs/_index.js)
Linked: (/root/ws_moveit/devel/.private/ur_msgs/share/gennodejs/ros/ur_msgs/srv/SetSpeedSliderFraction.js, /root/ws_moveit/devel/share/gennodejs/ros/ur_msgs/srv/SetSpeedSliderFraction.js)
Linked: (/root/ws_moveit/devel/.private/ur_msgs/share/gennodejs/ros/ur_msgs/srv/SetIO.js, /root/ws_moveit/devel/share/gennodejs/ros/ur_msgs/srv/SetIO.js)
Linked: (/root/ws_moveit/devel/.private/ur_msgs/share/gennodejs/ros/ur_msgs/srv/_index.js, /root/ws_moveit/devel/share/gennodejs/ros/ur_msgs/srv/_index.js)
Linked: (/root/ws_moveit/devel/.private/ur_msgs/share/gennodejs/ros/ur_msgs/srv/SetPayload.js, /root/ws_moveit/devel/share/gennodejs/ros/ur_msgs/srv/SetPayload.js)
Linked: (/root/ws_moveit/devel/.private/ur_msgs/share/gennodejs/ros/ur_msgs/msg/MasterboardDataMsg.js, /root/ws_moveit/devel/share/gennodejs/ros/ur_msgs/msg/MasterboardDataMsg.js)
Linked: (/root/ws_moveit/devel/.private/ur_msgs/share/gennodejs/ros/ur_msgs/msg/Analog.js, /root/ws_moveit/devel/share/gennodejs/ros/ur_msgs/msg/Analog.js)
Linked: (/root/ws_moveit/devel/.private/ur_msgs/share/gennodejs/ros/ur_msgs/msg/ToolDataMsg.js, /root/ws_moveit/devel/share/gennodejs/ros/ur_msgs/msg/ToolDataMsg.js)
Linked: (/root/ws_moveit/devel/.private/ur_msgs/share/gennodejs/ros/ur_msgs/msg/_index.js, /root/ws_moveit/devel/share/gennodejs/ros/ur_msgs/msg/_index.js)
Linked: (/root/ws_moveit/devel/.private/ur_msgs/share/gennodejs/ros/ur_msgs/msg/RobotStateRTMsg.js, /root/ws_moveit/devel/share/gennodejs/ros/ur_msgs/msg/RobotStateRTMsg.js)
Linked: (/root/ws_moveit/devel/.private/ur_msgs/share/gennodejs/ros/ur_msgs/msg/IOStates.js, /root/ws_moveit/devel/share/gennodejs/ros/ur_msgs/msg/IOStates.js)
Linked: (/root/ws_moveit/devel/.private/ur_msgs/share/gennodejs/ros/ur_msgs/msg/Digital.js, /root/ws_moveit/devel/share/gennodejs/ros/ur_msgs/msg/Digital.js)
Linked: (/root/ws_moveit/devel/.private/ur_msgs/share/gennodejs/ros/ur_msgs/msg/RobotModeDataMsg.js, /root/ws_moveit/devel/share/gennodejs/ros/ur_msgs/msg/RobotModeDataMsg.js)
Linked: (/root/ws_moveit/devel/.private/ur_msgs/lib/pkgconfig/ur_msgs.pc, /root/ws_moveit/devel/lib/pkgconfig/ur_msgs.pc)
Linked: (/root/ws_moveit/devel/.private/ur_msgs/lib/python3/dist-packages/ur_msgs/__init__.py, /root/ws_moveit/devel/lib/python3/dist-packages/ur_msgs/__init__.py)
Linked: (/root/ws_moveit/devel/.private/ur_msgs/lib/python3/dist-packages/ur_msgs/srv/_SetSpeedSliderFraction.py, /root/ws_moveit/devel/lib/python3/dist-packages/ur_msgs/srv/_SetSpeedSliderFraction.py)
Linked: (/root/ws_moveit/devel/.private/ur_msgs/lib/python3/dist-packages/ur_msgs/srv/__init__.py, /root/ws_moveit/devel/lib/python3/dist-packages/ur_msgs/srv/__init__.py)
Linked: (/root/ws_moveit/devel/.private/ur_msgs/lib/python3/dist-packages/ur_msgs/srv/_SetIO.py, /root/ws_moveit/devel/lib/python3/dist-packages/ur_msgs/srv/_SetIO.py)
Linked: (/root/ws_moveit/devel/.private/ur_msgs/lib/python3/dist-packages/ur_msgs/srv/_SetPayload.py, /root/ws_moveit/devel/lib/python3/dist-packages/ur_msgs/srv/_SetPayload.py)
Linked: (/root/ws_moveit/devel/.private/ur_msgs/lib/python3/dist-packages/ur_msgs/msg/_Digital.py, /root/ws_moveit/devel/lib/python3/dist-packages/ur_msgs/msg/_Digital.py)
Linked: (/root/ws_moveit/devel/.private/ur_msgs/lib/python3/dist-packages/ur_msgs/msg/_RobotModeDataMsg.py, /root/ws_moveit/devel/lib/python3/dist-packages/ur_msgs/msg/_RobotModeDataMsg.py)
Linked: (/root/ws_moveit/devel/.private/ur_msgs/lib/python3/dist-packages/ur_msgs/msg/_ToolDataMsg.py, /root/ws_moveit/devel/lib/python3/dist-packages/ur_msgs/msg/_ToolDataMsg.py)
Linked: (/root/ws_moveit/devel/.private/ur_msgs/lib/python3/dist-packages/ur_msgs/msg/_Analog.py, /root/ws_moveit/devel/lib/python3/dist-packages/ur_msgs/msg/_Analog.py)
Linked: (/root/ws_moveit/devel/.private/ur_msgs/lib/python3/dist-packages/ur_msgs/msg/__init__.py, /root/ws_moveit/devel/lib/python3/dist-packages/ur_msgs/msg/__init__.py)
Linked: (/root/ws_moveit/devel/.private/ur_msgs/lib/python3/dist-packages/ur_msgs/msg/_IOStates.py, /root/ws_moveit/devel/lib/python3/dist-packages/ur_msgs/msg/_IOStates.py)
Linked: (/root/ws_moveit/devel/.private/ur_msgs/lib/python3/dist-packages/ur_msgs/msg/_MasterboardDataMsg.py, /root/ws_moveit/devel/lib/python3/dist-packages/ur_msgs/msg/_MasterboardDataMsg.py)
Linked: (/root/ws_moveit/devel/.private/ur_msgs/lib/python3/dist-packages/ur_msgs/msg/_RobotStateRTMsg.py, /root/ws_moveit/devel/lib/python3/dist-packages/ur_msgs/msg/_RobotStateRTMsg.py)
